// Jest Snapshot v1, https://goo.gl/fbAQLP

exports[`betterer.watch should debounce runs when multiple files change 1`] = `
Array [
  "
   / | /     _         _   _
 '-.ooo.-'  | |__  ___| |_| |_ ___ _ __ ___ _ __
---ooooo--- | '_ // _ / __| __/ _ / '__/ _ / '__|
 .-'ooo'-.  | |_)|  __/ |_| ||  __/ | |  __/ |
   / | /    |_.__//___|/__|/__/___|_|  /___|_|

Starting Betterer in watch mode! 🎉

",
  "
   / | /     _         _   _
 '-.ooo.-'  | |__  ___| |_| |_ ___ _ __ ___ _ __
---ooooo--- | '_ // _ / __| __/ _ / '__/ _ / '__|
 .-'ooo'-.  | |_)|  __/ |_| ||  __/ | |  __/ |
   / | /    |_.__//___|/__|/__/___|_|  /___|_|

Filters (press \\"f\\" to edit): No current filter patterns
Ignores (press \\"i\\" to edit): No current ignore patterns

Checking 2 files... 🤔
🌟 Betterer (0ms):
",
  "
   / | /     _         _   _
 '-.ooo.-'  | |__  ___| |_| |_ ___ _ __ ___ _ __
---ooooo--- | '_ // _ / __| __/ _ / '__/ _ / '__|
 .-'ooo'-.  | |_)|  __/ |_| ||  __/ | |  __/ |
   / | /    |_.__//___|/__|/__/___|_|  /___|_|

Filters (press \\"f\\" to edit): No current filter patterns
Ignores (press \\"i\\" to edit): No current ignore patterns

Checking 2 files... 🤔
🌟 Betterer (0ms): 1 test running...
🤔 tsquery no raw console.log: running \\"tsquery no raw console.log\\"!
",
  "
   / | /     _         _   _
 '-.ooo.-'  | |__  ___| |_| |_ ___ _ __ ___ _ __
---ooooo--- | '_ // _ / __| __/ _ / '__/ _ / '__|
 .-'ooo'-.  | |_)|  __/ |_| ||  __/ | |  __/ |
   / | /    |_.__//___|/__|/__/___|_|  /___|_|

Filters (press \\"f\\" to edit): No current filter patterns
Ignores (press \\"i\\" to edit): No current ignore patterns

Checking 2 files... 🤔
🌟 Betterer (0ms): 1 test running...
✅ tsquery no raw console.log: \\"tsquery no raw console.log\\" got checked for the first time! 🎉
",
  "
   / | /     _         _   _
 '-.ooo.-'  | |__  ___| |_| |_ ___ _ __ ___ _ __
---ooooo--- | '_ // _ / __| __/ _ / '__/ _ / '__|
 .-'ooo'-.  | |_)|  __/ |_| ||  __/ | |  __/ |
   / | /    |_.__//___|/__|/__/___|_|  /___|_|

Filters (press \\"f\\" to edit): No current filter patterns
Ignores (press \\"i\\" to edit): No current ignore patterns

Checking 2 files... 🤔
🌟 Betterer (0ms): 1 test running...
✅ tsquery no raw console.log: \\"tsquery no raw console.log\\" got checked for the first time! 🎉
",
  "
   / | /     _         _   _
 '-.ooo.-'  | |__  ___| |_| |_ ___ _ __ ___ _ __
---ooooo--- | '_ // _ / __| __/ _ / '__/ _ / '__|
 .-'ooo'-.  | |_)|  __/ |_| ||  __/ | |  __/ |
   / | /    |_.__//___|/__|/__/___|_|  /___|_|

Filters (press \\"f\\" to edit): No current filter patterns
Ignores (press \\"i\\" to edit): No current ignore patterns

Checking 2 files... 🤔
🎉 Betterer (0ms): 1 test done!
✅ tsquery no raw console.log: \\"tsquery no raw console.log\\" got checked for the first time! 🎉
",
  "
   / | /     _         _   _
 '-.ooo.-'  | |__  ___| |_| |_ ___ _ __ ___ _ __
---ooooo--- | '_ // _ / __| __/ _ / '__/ _ / '__|
 .-'ooo'-.  | |_)|  __/ |_| ||  __/ | |  __/ |
   / | /    |_.__//___|/__|/__/___|_|  /___|_|

Filters (press \\"f\\" to edit): No current filter patterns
Ignores (press \\"i\\" to edit): No current ignore patterns

Checked 2 files! 🔍

🌟 Betterer (0ms):
✅ tsquery no raw console.log: \\"tsquery no raw console.log\\" got checked for the first time! 🎉

1 test got checked. 🤔
1 test got checked for the first time! 🎉

",
  "
   / | /     _         _   _
 '-.ooo.-'  | |__  ___| |_| |_ ___ _ __ ___ _ __
---ooooo--- | '_ // _ / __| __/ _ / '__/ _ / '__|
 .-'ooo'-.  | |_)|  __/ |_| ||  __/ | |  __/ |
   / | /    |_.__//___|/__|/__/___|_|  /___|_|

Filters (press \\"f\\" to edit): No current filter patterns
Ignores (press \\"i\\" to edit): No current ignore patterns

Checked 2 files! 🔍

🌟 Betterer (0ms):
✅ tsquery no raw console.log: \\"tsquery no raw console.log\\" got checked for the first time! 🎉

1 test got checked. 🤔
1 test got checked for the first time! 🎉

",
]
`;

exports[`betterer.watch should ignore .gitignored files 1`] = `
Array [
  "
   / | /     _         _   _
 '-.ooo.-'  | |__  ___| |_| |_ ___ _ __ ___ _ __
---ooooo--- | '_ // _ / __| __/ _ / '__/ _ / '__|
 .-'ooo'-.  | |_)|  __/ |_| ||  __/ | |  __/ |
   / | /    |_.__//___|/__|/__/___|_|  /___|_|

Starting Betterer in watch mode! 🎉

",
  "
   / | /     _         _   _
 '-.ooo.-'  | |__  ___| |_| |_ ___ _ __ ___ _ __
---ooooo--- | '_ // _ / __| __/ _ / '__/ _ / '__|
 .-'ooo'-.  | |_)|  __/ |_| ||  __/ | |  __/ |
   / | /    |_.__//___|/__|/__/___|_|  /___|_|

Filters (press \\"f\\" to edit): No current filter patterns
Ignores (press \\"i\\" to edit): No current ignore patterns

Checking 1 file... 🤔
🌟 Betterer (0ms):
",
  "
   / | /     _         _   _
 '-.ooo.-'  | |__  ___| |_| |_ ___ _ __ ___ _ __
---ooooo--- | '_ // _ / __| __/ _ / '__/ _ / '__|
 .-'ooo'-.  | |_)|  __/ |_| ||  __/ | |  __/ |
   / | /    |_.__//___|/__|/__/___|_|  /___|_|

Filters (press \\"f\\" to edit): No current filter patterns
Ignores (press \\"i\\" to edit): No current ignore patterns

Checking 1 file... 🤔
🌟 Betterer (0ms): 1 test running...
🤔 tsquery no raw console.log: running \\"tsquery no raw console.log\\"!
",
  "
   / | /     _         _   _
 '-.ooo.-'  | |__  ___| |_| |_ ___ _ __ ___ _ __
---ooooo--- | '_ // _ / __| __/ _ / '__/ _ / '__|
 .-'ooo'-.  | |_)|  __/ |_| ||  __/ | |  __/ |
   / | /    |_.__//___|/__|/__/___|_|  /___|_|

Filters (press \\"f\\" to edit): No current filter patterns
Ignores (press \\"i\\" to edit): No current ignore patterns

Checking 1 file... 🤔
🌟 Betterer (0ms): 1 test running...
✅ tsquery no raw console.log: \\"tsquery no raw console.log\\" got checked for the first time! 🎉
",
  "
   / | /     _         _   _
 '-.ooo.-'  | |__  ___| |_| |_ ___ _ __ ___ _ __
---ooooo--- | '_ // _ / __| __/ _ / '__/ _ / '__|
 .-'ooo'-.  | |_)|  __/ |_| ||  __/ | |  __/ |
   / | /    |_.__//___|/__|/__/___|_|  /___|_|

Filters (press \\"f\\" to edit): No current filter patterns
Ignores (press \\"i\\" to edit): No current ignore patterns

Checking 1 file... 🤔
🌟 Betterer (0ms): 1 test running...
✅ tsquery no raw console.log: \\"tsquery no raw console.log\\" got checked for the first time! 🎉
",
  "
   / | /     _         _   _
 '-.ooo.-'  | |__  ___| |_| |_ ___ _ __ ___ _ __
---ooooo--- | '_ // _ / __| __/ _ / '__/ _ / '__|
 .-'ooo'-.  | |_)|  __/ |_| ||  __/ | |  __/ |
   / | /    |_.__//___|/__|/__/___|_|  /___|_|

Filters (press \\"f\\" to edit): No current filter patterns
Ignores (press \\"i\\" to edit): No current ignore patterns

Checking 1 file... 🤔
🎉 Betterer (0ms): 1 test done!
✅ tsquery no raw console.log: \\"tsquery no raw console.log\\" got checked for the first time! 🎉
",
  "
   / | /     _         _   _
 '-.ooo.-'  | |__  ___| |_| |_ ___ _ __ ___ _ __
---ooooo--- | '_ // _ / __| __/ _ / '__/ _ / '__|
 .-'ooo'-.  | |_)|  __/ |_| ||  __/ | |  __/ |
   / | /    |_.__//___|/__|/__/___|_|  /___|_|

Filters (press \\"f\\" to edit): No current filter patterns
Ignores (press \\"i\\" to edit): No current ignore patterns

Checked 1 file! 🔍

🌟 Betterer (0ms):
✅ tsquery no raw console.log: \\"tsquery no raw console.log\\" got checked for the first time! 🎉

1 test got checked. 🤔
1 test got checked for the first time! 🎉

",
  "
   / | /     _         _   _
 '-.ooo.-'  | |__  ___| |_| |_ ___ _ __ ___ _ __
---ooooo--- | '_ // _ / __| __/ _ / '__/ _ / '__|
 .-'ooo'-.  | |_)|  __/ |_| ||  __/ | |  __/ |
   / | /    |_.__//___|/__|/__/___|_|  /___|_|

Filters (press \\"f\\" to edit): No current filter patterns
Ignores (press \\"i\\" to edit): No current ignore patterns

Checked 1 file! 🔍

🌟 Betterer (0ms):
✅ tsquery no raw console.log: \\"tsquery no raw console.log\\" got checked for the first time! 🎉

1 test got checked. 🤔
1 test got checked for the first time! 🎉

",
]
`;

exports[`betterer.watch should run in watch mode 1`] = `
Array [
  "
   / | /     _         _   _
 '-.ooo.-'  | |__  ___| |_| |_ ___ _ __ ___ _ __
---ooooo--- | '_ // _ / __| __/ _ / '__/ _ / '__|
 .-'ooo'-.  | |_)|  __/ |_| ||  __/ | |  __/ |
   / | /    |_.__//___|/__|/__/___|_|  /___|_|

",
  "
   / | /     _         _   _
 '-.ooo.-'  | |__  ___| |_| |_ ___ _ __ ___ _ __
---ooooo--- | '_ // _ / __| __/ _ / '__/ _ / '__|
 .-'ooo'-.  | |_)|  __/ |_| ||  __/ | |  __/ |
   / | /    |_.__//___|/__|/__/___|_|  /___|_|

🌟 Betterer (0ms):
",
  "
   / | /     _         _   _
 '-.ooo.-'  | |__  ___| |_| |_ ___ _ __ ___ _ __
---ooooo--- | '_ // _ / __| __/ _ / '__/ _ / '__|
 .-'ooo'-.  | |_)|  __/ |_| ||  __/ | |  __/ |
   / | /    |_.__//___|/__|/__/___|_|  /___|_|

🌟 Betterer (0ms): 1 test running...
🤔 tsquery no raw console.log: running \\"tsquery no raw console.log\\"!
",
  "
   / | /     _         _   _
 '-.ooo.-'  | |__  ___| |_| |_ ___ _ __ ___ _ __
---ooooo--- | '_ // _ / __| __/ _ / '__/ _ / '__|
 .-'ooo'-.  | |_)|  __/ |_| ||  __/ | |  __/ |
   / | /    |_.__//___|/__|/__/___|_|  /___|_|

🌟 Betterer (0ms): 1 test running...
✅ tsquery no raw console.log: \\"tsquery no raw console.log\\" got checked for the first time! 🎉
",
  "
   / | /     _         _   _
 '-.ooo.-'  | |__  ___| |_| |_ ___ _ __ ___ _ __
---ooooo--- | '_ // _ / __| __/ _ / '__/ _ / '__|
 .-'ooo'-.  | |_)|  __/ |_| ||  __/ | |  __/ |
   / | /    |_.__//___|/__|/__/___|_|  /___|_|

🌟 Betterer (0ms): 1 test running...
✅ tsquery no raw console.log: \\"tsquery no raw console.log\\" got checked for the first time! 🎉
",
  "
   / | /     _         _   _
 '-.ooo.-'  | |__  ___| |_| |_ ___ _ __ ___ _ __
---ooooo--- | '_ // _ / __| __/ _ / '__/ _ / '__|
 .-'ooo'-.  | |_)|  __/ |_| ||  __/ | |  __/ |
   / | /    |_.__//___|/__|/__/___|_|  /___|_|

🎉 Betterer (0ms): 1 test done!
✅ tsquery no raw console.log: \\"tsquery no raw console.log\\" got checked for the first time! 🎉
",
  "
   / | /     _         _   _
 '-.ooo.-'  | |__  ___| |_| |_ ___ _ __ ___ _ __
---ooooo--- | '_ // _ / __| __/ _ / '__/ _ / '__|
 .-'ooo'-.  | |_)|  __/ |_| ||  __/ | |  __/ |
   / | /    |_.__//___|/__|/__/___|_|  /___|_|

🌟 Betterer (0ms):
✅ tsquery no raw console.log: \\"tsquery no raw console.log\\" got checked for the first time! 🎉

1 test got checked. 🤔
1 test got checked for the first time! 🎉

",
  "
   / | /     _         _   _
 '-.ooo.-'  | |__  ___| |_| |_ ___ _ __ ___ _ __
---ooooo--- | '_ // _ / __| __/ _ / '__/ _ / '__|
 .-'ooo'-.  | |_)|  __/ |_| ||  __/ | |  __/ |
   / | /    |_.__//___|/__|/__/___|_|  /___|_|

🌟 Betterer (0ms):
✅ tsquery no raw console.log: \\"tsquery no raw console.log\\" got checked for the first time! 🎉

1 test got checked. 🤔
1 test got checked for the first time! 🎉

",
  "
   / | /     _         _   _
 '-.ooo.-'  | |__  ___| |_| |_ ___ _ __ ___ _ __
---ooooo--- | '_ // _ / __| __/ _ / '__/ _ / '__|
 .-'ooo'-.  | |_)|  __/ |_| ||  __/ | |  __/ |
   / | /    |_.__//___|/__|/__/___|_|  /___|_|

Starting Betterer in watch mode! 🎉

",
  "
   / | /     _         _   _
 '-.ooo.-'  | |__  ___| |_| |_ ___ _ __ ___ _ __
---ooooo--- | '_ // _ / __| __/ _ / '__/ _ / '__|
 .-'ooo'-.  | |_)|  __/ |_| ||  __/ | |  __/ |
   / | /    |_.__//___|/__|/__/___|_|  /___|_|

Filters (press \\"f\\" to edit): No current filter patterns
Ignores (press \\"i\\" to edit): No current ignore patterns

Checking 1 file... 🤔
🌟 Betterer (0ms):
",
  "
   / | /     _         _   _
 '-.ooo.-'  | |__  ___| |_| |_ ___ _ __ ___ _ __
---ooooo--- | '_ // _ / __| __/ _ / '__/ _ / '__|
 .-'ooo'-.  | |_)|  __/ |_| ||  __/ | |  __/ |
   / | /    |_.__//___|/__|/__/___|_|  /___|_|

Filters (press \\"f\\" to edit): No current filter patterns
Ignores (press \\"i\\" to edit): No current ignore patterns

Checking 1 file... 🤔
🌟 Betterer (0ms): 1 test running...
🤔 tsquery no raw console.log: running \\"tsquery no raw console.log\\"!
",
  "
   / | /     _         _   _
 '-.ooo.-'  | |__  ___| |_| |_ ___ _ __ ___ _ __
---ooooo--- | '_ // _ / __| __/ _ / '__/ _ / '__|
 .-'ooo'-.  | |_)|  __/ |_| ||  __/ | |  __/ |
   / | /    |_.__//___|/__|/__/___|_|  /___|_|

Filters (press \\"f\\" to edit): No current filter patterns
Ignores (press \\"i\\" to edit): No current ignore patterns

Checking 1 file... 🤔
🌟 Betterer (0ms): 1 test running...
・ 2 existing issues in \\"<project>/fixtures/test-betterer-watch/src/index.ts\\".
🤔 tsquery no raw console.log: running \\"tsquery no raw console.log\\"!
",
  "
   / | /     _         _   _
 '-.ooo.-'  | |__  ___| |_| |_ ___ _ __ ___ _ __
---ooooo--- | '_ // _ / __| __/ _ / '__/ _ / '__|
 .-'ooo'-.  | |_)|  __/ |_| ||  __/ | |  __/ |
   / | /    |_.__//___|/__|/__/___|_|  /___|_|

Filters (press \\"f\\" to edit): No current filter patterns
Ignores (press \\"i\\" to edit): No current ignore patterns

Checking 1 file... 🤔
🌟 Betterer (0ms): 1 test running...
・ 2 existing issues in \\"<project>/fixtures/test-betterer-watch/src/index.ts\\".
・ 1 new issue in \\"<project>/fixtures/test-betterer-watch/src/index.ts\\":
🤔 tsquery no raw console.log: running \\"tsquery no raw console.log\\"!
",
  "
   / | /     _         _   _
 '-.ooo.-'  | |__  ___| |_| |_ ___ _ __ ___ _ __
---ooooo--- | '_ // _ / __| __/ _ / '__/ _ / '__|
 .-'ooo'-.  | |_)|  __/ |_| ||  __/ | |  __/ |
   / | /    |_.__//___|/__|/__/___|_|  /___|_|

Filters (press \\"f\\" to edit): No current filter patterns
Ignores (press \\"i\\" to edit): No current ignore patterns

Checking 1 file... 🤔
🌟 Betterer (0ms): 1 test running...
・ 2 existing issues in \\"<project>/fixtures/test-betterer-watch/src/index.ts\\".
・ 1 new issue in \\"<project>/fixtures/test-betterer-watch/src/index.ts\\":
・ TSQuery match
🤔 tsquery no raw console.log: running \\"tsquery no raw console.log\\"!
",
  "
   / | /     _         _   _
 '-.ooo.-'  | |__  ___| |_| |_ ___ _ __ ___ _ __
---ooooo--- | '_ // _ / __| __/ _ / '__/ _ / '__|
 .-'ooo'-.  | |_)|  __/ |_| ||  __/ | |  __/ |
   / | /    |_.__//___|/__|/__/___|_|  /___|_|

Filters (press \\"f\\" to edit): No current filter patterns
Ignores (press \\"i\\" to edit): No current ignore patterns

Checking 1 file... 🤔
🌟 Betterer (0ms): 1 test running...
・ 2 existing issues in \\"<project>/fixtures/test-betterer-watch/src/index.ts\\".
・ 1 new issue in \\"<project>/fixtures/test-betterer-watch/src/index.ts\\":
・ TSQuery match
・
・   <project>/fixtures/test-betterer-watch/src/index.ts
・   1 | console.log('foo');
・ > 2 | console.log('foo');console.log('foo');
・     |                    ^^^^^^^^^^^ TSQuery match
・
🤔 tsquery no raw console.log: running \\"tsquery no raw console.log\\"!
",
  "
   / | /     _         _   _
 '-.ooo.-'  | |__  ___| |_| |_ ___ _ __ ___ _ __
---ooooo--- | '_ // _ / __| __/ _ / '__/ _ / '__|
 .-'ooo'-.  | |_)|  __/ |_| ||  __/ | |  __/ |
   / | /    |_.__//___|/__|/__/___|_|  /___|_|

Filters (press \\"f\\" to edit): No current filter patterns
Ignores (press \\"i\\" to edit): No current ignore patterns

Checking 1 file... 🤔
🌟 Betterer (0ms): 1 test running...
・ 2 existing issues in \\"<project>/fixtures/test-betterer-watch/src/index.ts\\".
・ 1 new issue in \\"<project>/fixtures/test-betterer-watch/src/index.ts\\":
・ TSQuery match
・
・   <project>/fixtures/test-betterer-watch/src/index.ts
・   1 | console.log('foo');
・ > 2 | console.log('foo');console.log('foo');
・     |                    ^^^^^^^^^^^ TSQuery match
・
🔥 tsquery no raw console.log: \\"tsquery no raw console.log\\" got worse. 😔
",
  "
   / | /     _         _   _
 '-.ooo.-'  | |__  ___| |_| |_ ___ _ __ ___ _ __
---ooooo--- | '_ // _ / __| __/ _ / '__/ _ / '__|
 .-'ooo'-.  | |_)|  __/ |_| ||  __/ | |  __/ |
   / | /    |_.__//___|/__|/__/___|_|  /___|_|

Filters (press \\"f\\" to edit): No current filter patterns
Ignores (press \\"i\\" to edit): No current ignore patterns

Checking 1 file... 🤔
🌟 Betterer (0ms): 1 test running...
🔥 tsquery no raw console.log: \\"tsquery no raw console.log\\" got worse. 😔
・ 2 existing issues in \\"<project>/fixtures/test-betterer-watch/src/index.ts\\".
・ 1 new issue in \\"<project>/fixtures/test-betterer-watch/src/index.ts\\":
・ TSQuery match
・
・   <project>/fixtures/test-betterer-watch/src/index.ts
・   1 | console.log('foo');
・ > 2 | console.log('foo');console.log('foo');
・     |                    ^^^^^^^^^^^ TSQuery match
・

Error: \\"tsquery no raw console.log\\" got worse. 😔
",
  "
   / | /     _         _   _
 '-.ooo.-'  | |__  ___| |_| |_ ___ _ __ ___ _ __
---ooooo--- | '_ // _ / __| __/ _ / '__/ _ / '__|
 .-'ooo'-.  | |_)|  __/ |_| ||  __/ | |  __/ |
   / | /    |_.__//___|/__|/__/___|_|  /___|_|

Filters (press \\"f\\" to edit): No current filter patterns
Ignores (press \\"i\\" to edit): No current ignore patterns

Checking 1 file... 🤔
💥 Betterer (0ms): 1 test done! 1 test errored!
🔥 tsquery no raw console.log: \\"tsquery no raw console.log\\" got worse. 😔
・ 2 existing issues in \\"<project>/fixtures/test-betterer-watch/src/index.ts\\".
・ 1 new issue in \\"<project>/fixtures/test-betterer-watch/src/index.ts\\":
・ TSQuery match
・
・   <project>/fixtures/test-betterer-watch/src/index.ts
・   1 | console.log('foo');
・ > 2 | console.log('foo');console.log('foo');
・     |                    ^^^^^^^^^^^ TSQuery match
・

Error: \\"tsquery no raw console.log\\" got worse. 😔
",
  "
   / | /     _         _   _
 '-.ooo.-'  | |__  ___| |_| |_ ___ _ __ ___ _ __
---ooooo--- | '_ // _ / __| __/ _ / '__/ _ / '__|
 .-'ooo'-.  | |_)|  __/ |_| ||  __/ | |  __/ |
   / | /    |_.__//___|/__|/__/___|_|  /___|_|

Filters (press \\"f\\" to edit): No current filter patterns
Ignores (press \\"i\\" to edit): No current ignore patterns

Checked 1 file! 🔍

🌟 Betterer (0ms):
🔥 tsquery no raw console.log: \\"tsquery no raw console.log\\" got worse. 😔
・ 2 existing issues in \\"<project>/fixtures/test-betterer-watch/src/index.ts\\".
・ 1 new issue in \\"<project>/fixtures/test-betterer-watch/src/index.ts\\":
・ TSQuery match
・
・   <project>/fixtures/test-betterer-watch/src/index.ts
・   1 | console.log('foo');
・ > 2 | console.log('foo');console.log('foo');
・     |                    ^^^^^^^^^^^ TSQuery match
・

Error: \\"tsquery no raw console.log\\" got worse. 😔

1 test got checked. 🤔
1 test got worse. 😔

Run \`betterer --update\` to force an update of the results file. 🆙

",
  "
   / | /     _         _   _
 '-.ooo.-'  | |__  ___| |_| |_ ___ _ __ ___ _ __
---ooooo--- | '_ // _ / __| __/ _ / '__/ _ / '__|
 .-'ooo'-.  | |_)|  __/ |_| ||  __/ | |  __/ |
   / | /    |_.__//___|/__|/__/___|_|  /___|_|

Filters (press \\"f\\" to edit): No current filter patterns
Ignores (press \\"i\\" to edit): No current ignore patterns

Checking 1 file... 🤔
🌟 Betterer (0ms):
",
  "
   / | /     _         _   _
 '-.ooo.-'  | |__  ___| |_| |_ ___ _ __ ___ _ __
---ooooo--- | '_ // _ / __| __/ _ / '__/ _ / '__|
 .-'ooo'-.  | |_)|  __/ |_| ||  __/ | |  __/ |
   / | /    |_.__//___|/__|/__/___|_|  /___|_|

Filters (press \\"f\\" to edit): No current filter patterns
Ignores (press \\"i\\" to edit): No current ignore patterns

Checking 1 file... 🤔
🌟 Betterer (0ms): 1 test running...
🤔 tsquery no raw console.log: running \\"tsquery no raw console.log\\"!
",
  "
   / | /     _         _   _
 '-.ooo.-'  | |__  ___| |_| |_ ___ _ __ ___ _ __
---ooooo--- | '_ // _ / __| __/ _ / '__/ _ / '__|
 .-'ooo'-.  | |_)|  __/ |_| ||  __/ | |  __/ |
   / | /    |_.__//___|/__|/__/___|_|  /___|_|

Filters (press \\"f\\" to edit): No current filter patterns
Ignores (press \\"i\\" to edit): No current ignore patterns

Checking 1 file... 🤔
🌟 Betterer (0ms): 1 test running...
✅ tsquery no raw console.log: \\"tsquery no raw console.log\\" stayed the same. 😐
",
  "
   / | /     _         _   _
 '-.ooo.-'  | |__  ___| |_| |_ ___ _ __ ___ _ __
---ooooo--- | '_ // _ / __| __/ _ / '__/ _ / '__|
 .-'ooo'-.  | |_)|  __/ |_| ||  __/ | |  __/ |
   / | /    |_.__//___|/__|/__/___|_|  /___|_|

Filters (press \\"f\\" to edit): No current filter patterns
Ignores (press \\"i\\" to edit): No current ignore patterns

Checking 1 file... 🤔
🌟 Betterer (0ms): 1 test running...
✅ tsquery no raw console.log: \\"tsquery no raw console.log\\" stayed the same. 😐
",
  "
   / | /     _         _   _
 '-.ooo.-'  | |__  ___| |_| |_ ___ _ __ ___ _ __
---ooooo--- | '_ // _ / __| __/ _ / '__/ _ / '__|
 .-'ooo'-.  | |_)|  __/ |_| ||  __/ | |  __/ |
   / | /    |_.__//___|/__|/__/___|_|  /___|_|

Filters (press \\"f\\" to edit): No current filter patterns
Ignores (press \\"i\\" to edit): No current ignore patterns

Checking 1 file... 🤔
🎉 Betterer (0ms): 1 test done!
✅ tsquery no raw console.log: \\"tsquery no raw console.log\\" stayed the same. 😐
",
  "
   / | /     _         _   _
 '-.ooo.-'  | |__  ___| |_| |_ ___ _ __ ___ _ __
---ooooo--- | '_ // _ / __| __/ _ / '__/ _ / '__|
 .-'ooo'-.  | |_)|  __/ |_| ||  __/ | |  __/ |
   / | /    |_.__//___|/__|/__/___|_|  /___|_|

Filters (press \\"f\\" to edit): No current filter patterns
Ignores (press \\"i\\" to edit): No current ignore patterns

Checked 1 file! 🔍

🌟 Betterer (0ms):
✅ tsquery no raw console.log: \\"tsquery no raw console.log\\" stayed the same. 😐

1 test got checked. 🤔
1 test stayed the same. 😐

",
  "
   / | /     _         _   _
 '-.ooo.-'  | |__  ___| |_| |_ ___ _ __ ___ _ __
---ooooo--- | '_ // _ / __| __/ _ / '__/ _ / '__|
 .-'ooo'-.  | |_)|  __/ |_| ||  __/ | |  __/ |
   / | /    |_.__//___|/__|/__/___|_|  /___|_|

Filters (press \\"f\\" to edit): No current filter patterns
Ignores (press \\"i\\" to edit): No current ignore patterns

Checking 1 file... 🤔
🌟 Betterer (0ms):
",
  "
   / | /     _         _   _
 '-.ooo.-'  | |__  ___| |_| |_ ___ _ __ ___ _ __
---ooooo--- | '_ // _ / __| __/ _ / '__/ _ / '__|
 .-'ooo'-.  | |_)|  __/ |_| ||  __/ | |  __/ |
   / | /    |_.__//___|/__|/__/___|_|  /___|_|

Filters (press \\"f\\" to edit): No current filter patterns
Ignores (press \\"i\\" to edit): No current ignore patterns

Checking 1 file... 🤔
🌟 Betterer (0ms): 1 test running...
🤔 tsquery no raw console.log: running \\"tsquery no raw console.log\\"!
",
  "
   / | /     _         _   _
 '-.ooo.-'  | |__  ___| |_| |_ ___ _ __ ___ _ __
---ooooo--- | '_ // _ / __| __/ _ / '__/ _ / '__|
 .-'ooo'-.  | |_)|  __/ |_| ||  __/ | |  __/ |
   / | /    |_.__//___|/__|/__/___|_|  /___|_|

Filters (press \\"f\\" to edit): No current filter patterns
Ignores (press \\"i\\" to edit): No current ignore patterns

Checking 1 file... 🤔
🌟 Betterer (0ms): 1 test running...
✅ tsquery no raw console.log: \\"tsquery no raw console.log\\" got better! 😍
",
  "
   / | /     _         _   _
 '-.ooo.-'  | |__  ___| |_| |_ ___ _ __ ___ _ __
---ooooo--- | '_ // _ / __| __/ _ / '__/ _ / '__|
 .-'ooo'-.  | |_)|  __/ |_| ||  __/ | |  __/ |
   / | /    |_.__//___|/__|/__/___|_|  /___|_|

Filters (press \\"f\\" to edit): No current filter patterns
Ignores (press \\"i\\" to edit): No current ignore patterns

Checking 1 file... 🤔
🌟 Betterer (0ms): 1 test running...
✅ tsquery no raw console.log: \\"tsquery no raw console.log\\" got better! 😍
",
  "
   / | /     _         _   _
 '-.ooo.-'  | |__  ___| |_| |_ ___ _ __ ___ _ __
---ooooo--- | '_ // _ / __| __/ _ / '__/ _ / '__|
 .-'ooo'-.  | |_)|  __/ |_| ||  __/ | |  __/ |
   / | /    |_.__//___|/__|/__/___|_|  /___|_|

Filters (press \\"f\\" to edit): No current filter patterns
Ignores (press \\"i\\" to edit): No current ignore patterns

Checking 1 file... 🤔
🎉 Betterer (0ms): 1 test done!
✅ tsquery no raw console.log: \\"tsquery no raw console.log\\" got better! 😍
",
  "
   / | /     _         _   _
 '-.ooo.-'  | |__  ___| |_| |_ ___ _ __ ___ _ __
---ooooo--- | '_ // _ / __| __/ _ / '__/ _ / '__|
 .-'ooo'-.  | |_)|  __/ |_| ||  __/ | |  __/ |
   / | /    |_.__//___|/__|/__/___|_|  /___|_|

Filters (press \\"f\\" to edit): No current filter patterns
Ignores (press \\"i\\" to edit): No current ignore patterns

Checked 1 file! 🔍

🌟 Betterer (0ms):
✅ tsquery no raw console.log: \\"tsquery no raw console.log\\" got better! 😍

1 test got checked. 🤔
1 test got better! 😍

",
  "
   / | /     _         _   _
 '-.ooo.-'  | |__  ___| |_| |_ ___ _ __ ___ _ __
---ooooo--- | '_ // _ / __| __/ _ / '__/ _ / '__|
 .-'ooo'-.  | |_)|  __/ |_| ||  __/ | |  __/ |
   / | /    |_.__//___|/__|/__/___|_|  /___|_|

Stopping watch mode... 👋

",
  "
   / | /     _         _   _
 '-.ooo.-'  | |__  ___| |_| |_ ___ _ __ ___ _ __
---ooooo--- | '_ // _ / __| __/ _ / '__/ _ / '__|
 .-'ooo'-.  | |_)|  __/ |_| ||  __/ | |  __/ |
   / | /    |_.__//___|/__|/__/___|_|  /___|_|

Stopping watch mode... 👋

",
]
`;
